// Jest Snapshot v1, https://goo.gl/fbAQLP

exports[`Pruebas de GifGridItem Prueba de snapshot 1`] = `
<div
  className="card animate__animated animate__fadeIn"
>
  <p>
    Un titulo
  </p>
  <img
    alt="Un titulo"
    src="https://UnaLiga.com/archivo.jpg"
  />
</div>
`;
